{
    "query_type": "CREATE_VIEW",
    "query_type_props": {
        "kind": "VIEW"
    },
    "query_fingerprint": "4b2d3a58d47ddc4c1beeaddf5d296ff460a85ad5142009950aa072bb97fe771d",
    "in_tables": [
        "urn:li:dataset:(urn:li:dataPlatform:bigquery,my-project2.my-dataset2.test_physical_table,PROD)"
    ],
    "out_tables": [
        "urn:li:dataset:(urn:li:dataPlatform:bigquery,my-project.my-dataset.test_table,PROD)"
    ],
    "column_lineage": [
        {
            "downstream": {
                "table": "urn:li:dataset:(urn:li:dataPlatform:bigquery,my-project.my-dataset.test_table,PROD)",
                "column": "col1",
                "column_type": {
                    "type": {
                        "com.linkedin.pegasus2avro.schema.StringType": {}
                    }
                },
                "native_column_type": "STRING"
            },
            "upstreams": [
                {
                    "table": "urn:li:dataset:(urn:li:dataPlatform:bigquery,my-project2.my-dataset2.test_physical_table,PROD)",
                    "column": "col1"
                }
            ]
        },
        {
            "downstream": {
                "table": "urn:li:dataset:(urn:li:dataPlatform:bigquery,my-project.my-dataset.test_table,PROD)",
                "column": "col2",
                "column_type": {
                    "type": {
                        "com.linkedin.pegasus2avro.schema.StringType": {}
                    }
                },
                "native_column_type": "STRING"
            },
            "upstreams": [
                {
                    "table": "urn:li:dataset:(urn:li:dataPlatform:bigquery,my-project2.my-dataset2.test_physical_table,PROD)",
                    "column": "col2"
                }
            ]
        },
        {
            "downstream": {
                "table": "urn:li:dataset:(urn:li:dataPlatform:bigquery,my-project.my-dataset.test_table,PROD)",
                "column": "something",
                "column_type": {
                    "type": {
                        "com.linkedin.pegasus2avro.schema.StringType": {}
                    }
                },
                "native_column_type": "STRING"
            },
            "upstreams": [
                {
                    "table": "urn:li:dataset:(urn:li:dataPlatform:bigquery,my-project2.my-dataset2.test_physical_table,PROD)",
                    "column": "something"
                }
            ]
        }
    ],
    "debug_info": {
        "confidence": 0.35,
        "generalized_statement": "CREATE VIEW `my-project`.`my-dataset`.test_table AS SELECT * REPLACE (LOWER(something) AS something) FROM `my-project2`.`my-dataset2`.test_physical_table"
    }
}