{
    "query_type": "SELECT",
    "query_type_props": {},
    "query_fingerprint": "68b038ff09626bbe2c4bc79be39ce51b50937457008e08461cdd6ed3b6ae3f2e",
    "in_tables": [
        "urn:li:dataset:(urn:li:dataPlatform:bigquery,bq-proj.dataset.table_yyyymmdd,PROD)"
    ],
    "out_tables": [],
    "column_lineage": [
        {
            "downstream": {
                "table": null,
                "column": "col1",
                "column_type": {
                    "type": {
                        "com.linkedin.pegasus2avro.schema.StringType": {}
                    }
                },
                "native_column_type": "STRING"
            },
            "upstreams": [
                {
                    "table": "urn:li:dataset:(urn:li:dataPlatform:bigquery,bq-proj.dataset.table_yyyymmdd,PROD)",
                    "column": "col1"
                }
            ]
        },
        {
            "downstream": {
                "table": null,
                "column": "col2",
                "column_type": {
                    "type": {
                        "com.linkedin.pegasus2avro.schema.StringType": {}
                    }
                },
                "native_column_type": "STRING"
            },
            "upstreams": [
                {
                    "table": "urn:li:dataset:(urn:li:dataPlatform:bigquery,bq-proj.dataset.table_yyyymmdd,PROD)",
                    "column": "col2"
                }
            ]
        }
    ],
    "debug_info": {
        "confidence": 0.9,
        "generalized_statement": "SELECT * FROM `bq-proj`.dataset.table_20230101"
    }
}